#
# There is insufficient memory for the Java Runtime Environment to continue.
# Native memory allocation (mmap) failed to map 62914560 bytes. Error detail: G1 virtual space
# Possible reasons:
#   The system is out of physical RAM or swap space
#   This process is running with CompressedOops enabled, and the Java Heap may be blocking the growth of the native heap
# Possible solutions:
#   Reduce memory load on the system
#   Increase physical memory or swap space
#   Check if swap backing store is full
#   Decrease Java heap size (-Xmx/-Xms)
#   Decrease number of Java threads
#   Decrease Java thread stack sizes (-Xss)
#   Set larger code cache with -XX:ReservedCodeCacheSize=
#   JVM is running with Unscaled Compressed Oops mode in which the Java heap is
#     placed in the first 4GB address space. The Java Heap base address is the
#     maximum limit for the native heap growth. Please use -XX:HeapBaseMinAddress
#     to set the Java Heap base and to place the Java Heap above 4GB virtual address.
# This output file may be truncated or incomplete.
#
#  Out of Memory Error (os_windows.cpp:3630), pid=17316, tid=27932
#
# JRE version:  (17.0.20.1+1) (build )
# Java VM: OpenJDK 64-Bit Server VM (17.0.20.1+1, mixed mode, sharing, tiered, compressed oops, compressed class ptrs, g1 gc, windows-amd64)
# No core dump will be written. Minidumps are not enabled by default on client versions of Windows
#

---------------  S U M M A R Y ------------

Command Line: 

Host: 12th Gen Intel(R) Core(TM) i3-1215U, 8 cores, 3G,  Windows 11 , 64 bit Build 26100 (10.0.26100.9444)
Time: Thu Sep 24 14:11:23 2026 Hora oficial do Brasil elapsed time: 0.120596 seconds (0d 0h 0m 0s)

---------------  T H R E A D  ---------------

Current thread (0x00000208b9381880):  JavaThread "Unknown thread" [_thread_in_vm, id=27932, stack(0x00000074a0e00000,0x00000074a0f00000)]

Stack: [0x00000074a0e00000,0x00000074a0f00000]
Native frames: (J=compiled Java code, j=interpreted, Vv=VM code, C=native code)
V  [jvm.dll+0x684d39]
V  [jvm.dll+0x83a565]
V  [jvm.dll+0x83bfde]
V  [jvm.dll+0x83c663]
V  [jvm.dll+0x2490cf]
V  [jvm.dll+0x681af9]
V  [jvm.dll+0x6768ba]
V  [jvm.dll+0x309467]
V  [jvm.dll+0x310a56]
V  [jvm.dll+0x360f3e]
V  [jvm.dll+0x36117d]
V  [jvm.dll+0x2e04ec]
V  [jvm.dll+0x2e13f8]
V  [jvm.dll+0x80d42b]
V  [jvm.dll+0x36ebc1]
V  [jvm.dll+0x7ebfd5]
V  [jvm.dll+0x3f47ab]
V  [jvm.dll+0x3f6291]
C  [jli.dll+0x52dc]
C  [ucrtbase.dll+0x2cd30]
C  [KERNEL32.DLL+0x2cd87]
C  [ntdll.dll+0xacaec]


---------------  P R O C E S S  ---------------

Threads class SMR info:
_java_thread_list=0x00007ff805748f58, length=0, elements={
}

Java Threads: ( => current thread )

Other Threads:
  0x00000208b93bd6e0 GCTaskThread "GC Thread#0" [stack: 0x00000074a0f00000,0x00000074a1000000] [id=21224]
  0x00000208b93c5db0 ConcurrentGCThread "G1 Main Marker" [stack: 0x00000074a1000000,0x00000074a1100000] [id=9840]
  0x00000208b93c7510 ConcurrentGCThread "G1 Conc#0" [stack: 0x00000074a1100000,0x00000074a1200000] [id=7296]

[error occurred during error reporting (printing all threads), id 0xc0000005, EXCEPTION_ACCESS_VIOLATION (0xc0000005) at pc=0x00007ff804f01017]

VM state: not at safepoint (not fully initialized)

VM Mutex/Monitor currently owned by a thread:  ([mutex/lock_event])
[0x00000208b937dd00] Heap_lock - owner thread: 0x00000208b9381880

Heap address: 0x00000000c4400000, size: 956 MB, Compressed Oops mode: 32-bit

CDS archive(s) mapped at: [0x0000000000000000-0x0000000000000000-0x0000000000000000), size 0, SharedBaseAddress: 0x0000000800000000, ArchiveRelocationMode: 1.
Narrow klass base: 0x0000000000000000, Narrow klass shift: 0, Narrow klass range: 0x0

GC Precious Log:
<Empty>

Heap:
 garbage-first heap   total 0K, used 0K [0x00000000c4400000, 0x0000000100000000)
  region size 1024K, 0 young (0K), 0 survivors (0K)

[error occurred during error reporting (printing heap information), id 0xc0000005, EXCEPTION_ACCESS_VIOLATION (0xc0000005) at pc=0x00007ff8052ee379]

GC Heap History (0 events):
No events

Dll operation events (1 events):
Event: 0.074 Loaded shared library C:\Program Files\Eclipse Adoptium\jdk-17.0.20.101-hotspot\bin\java.dll

Deoptimization events (0 events):
No events

Classes loaded (0 events):
No events

Classes unloaded (0 events):
No events

Classes redefined (0 events):
No events

Internal exceptions (0 events):
No events

VM Operations (0 events):
No events

Memory protections (0 events):
No events

Nmethod flushes (0 events):
No events

Events (0 events):
No events


Dynamic libraries:
0x00007ff6b61b0000 - 0x00007ff6b61be000 	C:\Program Files\Eclipse Adoptium\jdk-17.0.20.101-hotspot\bin\java.exe
0x00007ff8bf920000 - 0x00007ff8bfb87000 	C:\WINDOWS\SYSTEM32\ntdll.dll
0x00007ff8be240000 - 0x00007ff8be30b000 	C:\WINDOWS\System32\KERNEL32.DLL
0x00007ff8bcdf0000 - 0x00007ff8bd1f2000 	C:\WINDOWS\System32\KERNELBASE.dll
0x00007ff8bd4e0000 - 0x00007ff8bd62c000 	C:\WINDOWS\System32\ucrtbase.dll
0x00007ff8aa440000 - 0x00007ff8aa458000 	C:\Program Files\Eclipse Adoptium\jdk-17.0.20.101-hotspot\bin\jli.dll
0x00007ff8bebf0000 - 0x00007ff8bedbf000 	C:\WINDOWS\System32\USER32.dll
0x00007ff8bd200000 - 0x00007ff8bd227000 	C:\WINDOWS\System32\win32u.dll
0x00007ff8bebc0000 - 0x00007ff8bebeb000 	C:\WINDOWS\System32\GDI32.dll
0x00007ff8bd230000 - 0x00007ff8bd359000 	C:\WINDOWS\System32\gdi32full.dll
0x00007ff8bcd40000 - 0x00007ff8bcde3000 	C:\WINDOWS\System32\msvcp_win.dll
0x00007ff8a9f10000 - 0x00007ff8a9f2e000 	C:\Program Files\Eclipse Adoptium\jdk-17.0.20.101-hotspot\bin\VCRUNTIME140.dll
0x00007ff89cc20000 - 0x00007ff89ceb0000 	C:\WINDOWS\WinSxS\amd64_microsoft.windows.common-controls_6595b64144ccf1df_6.0.26100.9278_none_3e0d1ba8e3303201\COMCTL32.dll
0x00007ff8be190000 - 0x00007ff8be239000 	C:\WINDOWS\System32\msvcrt.dll
0x00007ff8beb70000 - 0x00007ff8beba1000 	C:\WINDOWS\System32\IMM32.DLL
0x00007ff8b1250000 - 0x00007ff8b125c000 	C:\Program Files\Eclipse Adoptium\jdk-17.0.20.101-hotspot\bin\vcruntime140_1.dll
0x00007ff895ce0000 - 0x00007ff895d6d000 	C:\Program Files\Eclipse Adoptium\jdk-17.0.20.101-hotspot\bin\msvcp140.dll
0x00007ff804c10000 - 0x00007ff80587c000 	C:\Program Files\Eclipse Adoptium\jdk-17.0.20.101-hotspot\bin\server\jvm.dll
0x00007ff8be090000 - 0x00007ff8be14c000 	C:\WINDOWS\System32\ADVAPI32.dll
0x00007ff8bddc0000 - 0x00007ff8bde69000 	C:\WINDOWS\System32\sechost.dll
0x00007ff8bdf70000 - 0x00007ff8be088000 	C:\WINDOWS\System32\RPCRT4.dll
0x00007ff8bf6b0000 - 0x00007ff8bf730000 	C:\WINDOWS\System32\WS2_32.dll
0x00007ff8bc9a0000 - 0x00007ff8bc9fe000 	C:\WINDOWS\SYSTEM32\POWRPROF.dll
0x00007ff8b1210000 - 0x00007ff8b1246000 	C:\WINDOWS\SYSTEM32\WINMM.dll
0x00007ff8adeb0000 - 0x00007ff8adebb000 	C:\WINDOWS\SYSTEM32\VERSION.dll
0x00007ff8bc980000 - 0x00007ff8bc995000 	C:\WINDOWS\SYSTEM32\UMPDC.dll
0x00007ff8bb7f0000 - 0x00007ff8bb80b000 	C:\WINDOWS\SYSTEM32\kernel.appcore.dll
0x00007ff8ac770000 - 0x00007ff8ac77a000 	C:\Program Files\Eclipse Adoptium\jdk-17.0.20.101-hotspot\bin\jimage.dll
0x00007ff8b9f90000 - 0x00007ff8ba1dc000 	C:\WINDOWS\SYSTEM32\DBGHELP.DLL
0x00007ff8bd860000 - 0x00007ff8bdbe5000 	C:\WINDOWS\System32\combase.dll
0x00007ff8bde70000 - 0x00007ff8bdf49000 	C:\WINDOWS\System32\OLEAUT32.dll
0x00007ff88d5b0000 - 0x00007ff88d5eb000 	C:\WINDOWS\SYSTEM32\dbgcore.DLL
0x00007ff8bd420000 - 0x00007ff8bd4cc000 	C:\WINDOWS\System32\bcryptPrimitives.dll
0x00007ff8a2140000 - 0x00007ff8a2165000 	C:\Program Files\Eclipse Adoptium\jdk-17.0.20.101-hotspot\bin\java.dll

dbghelp: loaded successfully - version: 4.0.5 - missing functions: none
symbol engine: initialized successfully - sym options: 0x614 - pdb path: .;C:\Program Files\Eclipse Adoptium\jdk-17.0.20.101-hotspot\bin;C:\WINDOWS\SYSTEM32;C:\WINDOWS\WinSxS\amd64_microsoft.windows.common-controls_6595b64144ccf1df_6.0.26100.9278_none_3e0d1ba8e3303201;C:\Program Files\Eclipse Adoptium\jdk-17.0.20.101-hotspot\bin\server

VM Arguments:
java_command: <unknown>
java_class_path (initial): <not set>
Launcher Type: SUN_STANDARD

[Global flags]
     intx CICompilerCount                          = 4                                         {product} {ergonomic}
     uint ConcGCThreads                            = 2                                         {product} {ergonomic}
     uint G1ConcRefinementThreads                  = 8                                         {product} {ergonomic}
   size_t G1HeapRegionSize                         = 1048576                                   {product} {ergonomic}
    uintx GCDrainStackTargetSize                   = 64                                        {product} {ergonomic}
   size_t InitialHeapSize                          = 62914560                                  {product} {ergonomic}
   size_t MarkStackSize                            = 4194304                                   {product} {ergonomic}
   size_t MaxHeapSize                              = 1002438656                                {product} {ergonomic}
   size_t MinHeapDeltaBytes                        = 1048576                                   {product} {ergonomic}
   size_t MinHeapSize                              = 8388608                                   {product} {ergonomic}
    uintx NonNMethodCodeHeapSize                   = 5839372                                {pd product} {ergonomic}
    uintx NonProfiledCodeHeapSize                  = 122909434                              {pd product} {ergonomic}
    uintx ProfiledCodeHeapSize                     = 122909434                              {pd product} {ergonomic}
    uintx ReservedCodeCacheSize                    = 251658240                              {pd product} {ergonomic}
     bool SegmentedCodeCache                       = true                                      {product} {ergonomic}
   size_t SoftMaxHeapSize                          = 1002438656                             {manageable} {ergonomic}
     bool UseCompressedClassPointers               = true                           {product lp64_product} {ergonomic}
     bool UseCompressedOops                        = true                           {product lp64_product} {ergonomic}
     bool UseG1GC                                  = true                                      {product} {ergonomic}
     bool UseLargePagesIndividualAllocation        = false                                  {pd product} {ergonomic}

Logging:
Log output configuration:
 #0: stdout all=warning uptime,level,tags
 #1: stderr all=off uptime,level,tags

Environment Variables:
PATH=C:\Program Files\Eclipse Adoptium\jdk-17.0.20.101-hotspot\bin;C:\WINDOWS\system32;C:\WINDOWS;C:\WINDOWS\System32\Wbem;C:\WINDOWS\System32\WindowsPowerShell\v1.0\;C:\WINDOWS\System32\OpenSSH\;C:\Program Files\Git\cmd;C:\xampp\php;C:\ProgramData\ComposerSetup\bin;C:\Program Files\nodejs\;C:\Users\beatr\AppData\Local\Microsoft\WindowsApps;C:\Users\beatr\AppData\Roaming\Composer\vendor\bin;C:\Users\beatr\AppData\Roaming\npm;C:\Users\beatr\AppData\Local\Programs\Microsoft VS Code\bin
USERNAME=beatr
OS=Windows_NT
PROCESSOR_IDENTIFIER=Intel64 Family 6 Model 154 Stepping 4, GenuineIntel
TMP=C:\Users\beatr\AppData\Local\Temp
TEMP=C:\Users\beatr\AppData\Local\Temp



Periodic native trim disabled


---------------  S Y S T E M  ---------------

OS:
 Windows 11 , 64 bit Build 26100 (10.0.26100.9444)
OS uptime: 9 days 14:37 hours

CPU: total 8 (initial active 8) (8 cores per cpu, 1 threads per core) family 6 model 154 stepping 4 microcode 0x424, cx8, cmov, fxsr, mmx, 3dnowpref, sse, sse2, sse3, ssse3, sse4.1, sse4.2, popcnt, lzcnt, tsc, tscinvbit, avx, avx2, aes, erms, clmul, bmi1, bmi2, adx, sha, fma, vzeroupper, clflush, clflushopt, clwb
Processor Information for processor 0
  Max Mhz: 1200, Current Mhz: 1200, Mhz Limit: 1200
Processor Information for processor 1
  Max Mhz: 1200, Current Mhz: 1200, Mhz Limit: 1200
Processor Information for processor 2
  Max Mhz: 1200, Current Mhz: 1200, Mhz Limit: 1200
Processor Information for processor 3
  Max Mhz: 1200, Current Mhz: 1200, Mhz Limit: 1200
Processor Information for processor 4
  Max Mhz: 900, Current Mhz: 900, Mhz Limit: 900
Processor Information for processor 5
  Max Mhz: 900, Current Mhz: 900, Mhz Limit: 900
Processor Information for processor 6
  Max Mhz: 900, Current Mhz: 900, Mhz Limit: 900
Processor Information for processor 7
  Max Mhz: 900, Current Mhz: 900, Mhz Limit: 900

Memory: 4k page, system-wide physical 3820M (31M free)
TotalPageFile size 15594M (AvailPageFile size 45M)
current process WorkingSet (physical memory assigned to process): 12M, peak: 12M
current process commit charge ("private bytes"): 60M, peak: 119M

vm_info: OpenJDK 64-Bit Server VM (17.0.20.1+1) for windows-amd64 JRE (17.0.20.1+1), built on Aug 18 2026 20:44:09 by "admin" with MS VC++ 17.12 (VS2022)

END.
